C51 COMPILER V9.59.0.0   ADC                                                               04/24/2025 12:33:10 PAGE 1   


C51 COMPILER V9.59.0.0, COMPILATION OF MODULE ADC
OBJECT MODULE PLACED IN .\Objects\adc.obj
COMPILER INVOKED BY: D:\Keil\Keil_C51\C51\BIN\C51.EXE Sources\adc.c LARGE OMF2 OPTIMIZE(8,SPEED) BROWSE DEBUG PRINT(.\Li
                    -stings\adc.lst) TABS(2) OBJECT(.\Objects\adc.obj)

line level    source

   1          #include "adc.h"
   2          
   3          #define ADC_START_ADDR    0x32
   4          //uint16_t ADC_FLAG=0;
   5          //uint16_t ADC_channel=0;
   6          //uint16_t cnt=0;
   7            u16 ad;
   8          //  u16 max_ad = 0;
   9          //  u16 min_ad = 0xFFFF;
  10            //float ad_sum = 0;
  11            
  12            float adc_08;
  13              float adc_09;
  14                float adc_10;
  15            uchar adc_channel=0x01;
  16          
  17            
  18            void bianliangchongzhi_adc();
  19          //读取通道的ad值,不需要启动命令,屏幕上电之后,直接读取就行
  20          //channel:0-7
  21          u16 adc_read(u16 channel)
  22          {
  23   1        sys_read_vp(ADC_START_ADDR+channel,(u8*)&channel,2);
  24   1        
  25   1        return channel;
  26   1      }
  27          
  28          
  29          void T_100MS_ADC_isr()
  30          {
  31   1        
  32   1          ad = adc_read(adc_channel);
  33   1      
  34   1      //      if(adc_channel<=0x01)adc_channel++;
  35   1      //      else adc_channel=0x00;
  36   1        
  37   1        
  38   1        switch(adc_channel)
  39   1        {
  40   2          case 0x01:
  41   2          {
  42   3                adc_channel=0x03;
  43   3              adc_10=ad*(3300.0f/4095)*11/1000.0f*1.02;
  44   3            break;
  45   3          }
  46   2              case 0x03:
  47   2          {
  48   3                    adc_channel=0x05;
  49   3              adc_09=ad*(3300.0f/4095)*2/1000.0f*1.01;
  50   3            break;
  51   3          }
  52   2              case 0x05:
  53   2          {
  54   3                    adc_channel=0x01;
C51 COMPILER V9.59.0.0   ADC                                                               04/24/2025 12:33:10 PAGE 2   

  55   3              adc_08=ad*(3300.0f/4095)*11/1000.0f*1.02;
  56   3            break;
  57   3          }
  58   2        }
  59   1      }


MODULE INFORMATION:   STATIC OVERLAYABLE
   CODE SIZE        =    248    ----
   CONSTANT SIZE    =   ----    ----
   XDATA SIZE       =     15       2
   PDATA SIZE       =   ----    ----
   DATA SIZE        =   ----    ----
   IDATA SIZE       =   ----    ----
   BIT SIZE         =   ----    ----
   EDATA SIZE       =   ----    ----
   HDATA SIZE       =   ----    ----
   XDATA CONST SIZE =   ----    ----
   FAR CONST SIZE   =   ----    ----
END OF MODULE INFORMATION.


C51 COMPILATION COMPLETE.  0 WARNING(S),  0 ERROR(S)
