C51 COMPILER V9.59.0.0   START_WIN                                                         04/30/2025 17:32:02 PAGE 1   


C51 COMPILER V9.59.0.0, COMPILATION OF MODULE START_WIN
OBJECT MODULE PLACED IN .\Objects\start_win.obj
COMPILER INVOKED BY: D:\Keil\Keil_C51\C51\BIN\C51.EXE APP\start_win.c LARGE OMF2 OPTIMIZE(8,SPEED) BROWSE INCDIR(.\Sourc
                    -es;.\APP;.\PAGE) DEBUG PRINT(.\Listings\start_win.lst) TABS(2) OBJECT(.\Objects\start_win.obj)

line level    source

   1          #include "start_win.h"
   2          
   3          
   4          
   5          typedef struct {
   6              u16 x;  // X坐标 (0-65535)
   7              u16 y;  // Y坐标 (0-65535) 
   8          } DgusPoint;
   9          
  10          
  11          typedef struct {
  12              u16  cmd_type_line;     //  (0x00)    // (固定0x02)
  13              u16  chart_num;     // 条数
  14              u16  color;        // RGB565颜色值
  15              DgusPoint points[2];    // 两个坐标点
  16              u16   end_marker;   // 结束标志 (0xFF)
  17            //  u8   reserved;     //  (0x00)
  18          } DgusLineCommand;
  19          
  20          static  DgusLineCommand Line[2];  //初始化两个图像表
  21          
  22          void start_win_Init() //初始化只运行一次
  23          {
  24   1      
  25   1        Line[0].cmd_type_line = 0X0002;
  26   1        Line[0].end_marker = 0xff00;
  27   1        Line[0].chart_num = 0x0001;
  28   1        
  29   1        Line[1].cmd_type_line = 0X0002;
  30   1        Line[1].end_marker = 0xff00;
  31   1        Line[1].chart_num = 0x0001;
  32   1      }
  33          
  34          void Draw_chart(u8 line_num)  //
  35          {
  36   1        
  37   1        
  38   1        
  39   1      }
*** WARNING C280 IN LINE 34 OF APP\start_win.c: 'line_num': unreferenced local variable
  40          
  41          //void sys_write_chart_zhexian_Two(u16 x1,u16 y1,u16 x2,u16 y2)   //输入2个点
  42          //{
  43          //  #define CHART_ADDR    0xb000  //动态曲线功能所对应的系统变量接口地址
  44          //  //#define CHART_NUM     0xff        //线段数数据,我们只写入chart_id指定的曲线通道,即1个
  45          //  //#define POINT_NUM     1       //一次性写入多少个数据点
  46          //  #define colour 0Xffff
  47          //  u8 chart_cmd[16] = {0x00,0x02};
  48          //  chart_cmd[2]=(u8)(chart_num>>8);
  49          //  chart_cmd[3]=(u8)(chart_num&0xff);
  50          //  chart_cmd[4] = (u8)(colour>>8);//曲线通道id
  51          //  chart_cmd[5] = (u8)(colour&0xff);//一次性写入多少个数据点
  52          //  chart_cmd[6] = (u8)(x1>>8);//x1
  53          //  chart_cmd[7] = (u8)(x1&0xff);
C51 COMPILER V9.59.0.0   START_WIN                                                         04/30/2025 17:32:02 PAGE 2   

  54          //  chart_cmd[8] = (u8)(y1>>8);//y1
  55          //  chart_cmd[9] = (u8)(y1&0xff);
  56          //  chart_cmd[10] = (u8)(x2>>8);//x2
  57          //  chart_cmd[11] = (u8)(x2&0xff);
  58          //  chart_cmd[12] = (u8)(y2>>8);//y2
  59          //  chart_cmd[13] = (u8)(y2&0xff);
  60          //    chart_cmd[14] = (u8)0xff;//y2
  61          //  chart_cmd[15] = (u8)0x00;     //0xa007 
  62          ////  y1=y2;
  63          ////  x1=x2;
  64          //  Adress_Now=CHART_ADDR+0x7;chart_num++;
  65          //  //发送命令
  66          //  WriteDGUS(CHART_ADDR,chart_cmd,sizeof(chart_cmd));
  67          //}
  68          //void sys_write_chart_zhexian_Two_Cankao(u16 x1,u16 y1,u16 x2,u16 y2)    //输入2个点
  69          //{
  70          //  #define CHART_ADDR_cankao   0x5500  //动态曲线功能所对应的系统变量接口地址
  71          //  #define CHART_NUM_cankao      0xff        //线段数数据,我们只写入chart_id指定的曲线通道,即1个
  72          //  //#define POINT_NUM     1       //一次性写入多少个数据点
  73          //  #define colour_cankao 0X8410
  74          //  u8 chart_cmd[16] = {0x00,0x02,0x0f,CHART_NUM_cankao};
  75          //  chart_cmd[4] = (u8)(colour_cankao>>8);//曲线通道id
  76          //  chart_cmd[5] = (u8)(colour_cankao&0xff);//一次性写入多少个数据点
  77          //  chart_cmd[6] = (u8)(x1>>8);//x1
  78          //  chart_cmd[7] = (u8)(x1&0xff);
  79          //  chart_cmd[8] = (u8)(y1>>8);//y1
  80          //  chart_cmd[9] = (u8)(y1&0xff);
  81          //  chart_cmd[10] = (u8)(x2>>8);//x2
  82          //  chart_cmd[11] = (u8)(x2&0xff);
  83          //  chart_cmd[12] = (u8)(y2>>8);//y2
  84          //  chart_cmd[13] = (u8)(y2&0xff);
  85          //  chart_cmd[14] = (u8)0xff;//y2
  86          //  chart_cmd[15] = (u8)0x00;     //0xa007 
  87          ////  y1=y2;
  88          ////  x1=x2;
  89          //  //Adress_Now=0xa007;
  90          //  //发送命令
  91          //  WriteDGUS(CHART_ADDR_cankao,chart_cmd,sizeof(chart_cmd));
  92          //}


MODULE INFORMATION:   STATIC OVERLAYABLE
   CODE SIZE        =     57    ----
   CONSTANT SIZE    =   ----    ----
   XDATA SIZE       =     32       1
   PDATA SIZE       =   ----    ----
   DATA SIZE        =   ----    ----
   IDATA SIZE       =   ----    ----
   BIT SIZE         =   ----    ----
   EDATA SIZE       =   ----    ----
   HDATA SIZE       =   ----    ----
   XDATA CONST SIZE =   ----    ----
   FAR CONST SIZE   =   ----    ----
END OF MODULE INFORMATION.


C51 COMPILATION COMPLETE.  1 WARNING(S),  0 ERROR(S)
