C51 COMPILER V9.59.0.0   TIMER                                                             05/08/2025 10:05:05 PAGE 1   


C51 COMPILER V9.59.0.0, COMPILATION OF MODULE TIMER
OBJECT MODULE PLACED IN .\Objects\timer.obj
COMPILER INVOKED BY: D:\Keil\Keil_C51\C51\BIN\C51.EXE Sources\timer.c LARGE OMF2 OPTIMIZE(8,SPEED) BROWSE INCDIR(.\Sourc
                    -es;.\APP;.\PAGE) DEBUG PRINT(.\Listings\timer.lst) TABS(2) OBJECT(.\Objects\timer.obj)

line level    source

   1          /******************************************************************************
   2          * 文 件 名   : timer.c
   3          * 版 本 号   : V1.0
   4          * 作    者   : pinot
   5          * 生成日期   : 2019年11月18日
   6          * 功能描述   : 定时器应用
   7          * 修改历史   :
   8          * 日    期   :
   9          * 作    者   :
  10          * 修改内容   :
  11          ******************************************************************************/
  12          
  13          /*****************************************************************************
  14          自定义头文件*/
  15          #include "timer.h"
  16          #include "i2c.h"
  17          
  18          #include "home.h"
  19          #include "start_win.h"
  20          #include "adc.h"
  21          /*****************************************************************************
  22          全局变量*/
  23          
  24          /*****************************************************************************
  25          定时器0*/
  26          void T0_Init(void)
  27          {
  28   1        TMOD|=0x01;
  29   1        TH0=T1MS>>8;        //1ms定时器
  30   1        TL0=T1MS;
  31   1        ET0=1;              //开启定时器0中断
  32   1        TR0=1;              //开启定时器
  33   1      }
  34          
  35          u32 i=0;
  36          //u32 J=0;
  37          void T0_ISR_PC(void)    interrupt 1
  38          {
  39   1        EA=0;
  40   1        TH0=T1MS>>8;
  41   1        TL0=T1MS;
  42   1      //    J++;
  43   1      //  if( J>=1500 )
  44   1      //  {
  45   1      //    UV=~UV;
  46   1      //      J=0;
  47   1      //  }
  48   1        
  49   1        SysTick_RTC++;    //500ms
  50   1        i++;
  51   1        if(i>=100)
  52   1        {
  53   2          X_calculate_1s++;
  54   2          time_100ms++;
C51 COMPILER V9.59.0.0   TIMER                                                             05/08/2025 10:05:05 PAGE 2   

  55   2          ADC_100ms++;
  56   2          i=0;
  57   2        }
  58   1      //  time_100ms++;   //1s
  59   1        
  60   1       // WDT_RST();
  61   1        EA=1;
  62   1      }
  63          
  64          #if 1
  65          /*****************************************************************************
  66          定时器2*/
  67          void T2_Init(void)
  68          {
  69   1        T2CON=0x70;
  70   1        TH2=0x00;
  71   1        TL2=0x00;
  72   1        TRL2H=0xBC;
  73   1        TRL2L=0xCD;        //1ms的定时器
  74   1        IEN0|=0x20;        //开启定时器2
  75   1        TR2=0x01;
  76   1      }
  77          void T2_ISR_PC(void)    interrupt 5
  78          {
  79   1        TF2=0;   
  80   1      
  81   1      
  82   1      //  WDT_RST();
  83   1      }
  84          
  85          #endif
  86          /*****************************************************************************
  87          定时器总配置*/
  88          void InitTimer(void)
  89          {
  90   1        T0_Init();
  91   1        T2_Init();
  92   1      }
  93          


MODULE INFORMATION:   STATIC OVERLAYABLE
   CODE SIZE        =    272    ----
   CONSTANT SIZE    =   ----    ----
   XDATA SIZE       =      4    ----
   PDATA SIZE       =   ----    ----
   DATA SIZE        =   ----    ----
   IDATA SIZE       =   ----    ----
   BIT SIZE         =   ----    ----
   EDATA SIZE       =   ----    ----
   HDATA SIZE       =   ----    ----
   XDATA CONST SIZE =   ----    ----
   FAR CONST SIZE   =   ----    ----
END OF MODULE INFORMATION.


C51 COMPILATION COMPLETE.  0 WARNING(S),  0 ERROR(S)
