C51 COMPILER V9.59.0.0   MAIN                                                              04/28/2025 19:11:39 PAGE 1   


C51 COMPILER V9.59.0.0, COMPILATION OF MODULE MAIN
OBJECT MODULE PLACED IN .\Objects\main.obj
COMPILER INVOKED BY: D:\Keil\Keil_C51\C51\BIN\C51.EXE Sources\main.c LARGE OMF2 OPTIMIZE(8,SPEED) BROWSE INCDIR(.\Source
                    -s;.\APP;.\PAGE) DEBUG PRINT(.\Listings\main.lst) TABS(2) OBJECT(.\Objects\main.obj)

line level    source

   1          /******************************************************************************
   2          * 文 件 名   : main.c
   3          * 版 本 号   : V1.0
   4          * 作    者   : pinot
   5          * 生成日期   : 2019年11月01日
   6          * 功能描述   : 主函数，外设和参数初始化，主循环中主要功能函数入口。
   7          * 修改历史   :
   8          * 日    期   :
   9          * 作    者   :
  10          * 修改内容   :
  11          ******************************************************************************/
  12          
  13          /*****************************************************************************
  14          系统库*/
  15          //short 和 int 都是2个字节 long 是4个字节
  16          
  17          /*****************************************************************************
  18          自定义头文件*/
  19          #include "T5LOS8051.H"
  20          #include "sys.h"
  21          #include "handle.h"
  22          #include "i2c.h"
  23          #include "home.h"
  24          
  25          #define   S_LED_0_Address 0x2000  
  26          #define   S_SPK_Address 0xA0    
  27          
  28          
  29          //uint8_t code CLED_R_1[] = "R ON";
  30          //uint8_t code CLED_R_0[] = "R OFF";
  31          //uint8_t code CLED_G_1[] = "G ON";
  32          //uint8_t code CLED_G_0[] = "G OFF";
  33          //uint8_t code CLED_B_1[] = "B ON";
  34          //uint8_t code CLED_B_0[] = "B OFF";
  35          //uint16_t LED_Buff[4]={0x0000,0,0x00,0x00};
  36          //uint16_t SPK_1S[4]={0x007d,0X00ff};
  37          
  38          
  39          
  40          
  41          //Uart2SendStr(CLED_B_0,sizeof(CLED_B_0));
  42                
  43          /*****************************************************************************
  44          主函数*/
  45          //u8 aa[2];
  46          //unsigned long  bb=55; 4个
  47          //unsigned short  bb=55;
  48          void main(void)
  49          {
  50   1        InitCPU();
  51   1        //InitUartSend();
  52   1        //InitUart();
  53   1        //JumpPage(0x14);
  54   1        Init_Rtc();
C51 COMPILER V9.59.0.0   MAIN                                                              04/28/2025 19:11:39 PAGE 2   

  55   1        
  56   1          
  57   1      //  JumpPage(0X00);
  58   1        while(1)
  59   1        {
  60   2        //aa[1]=sizeof(bb);
  61   2          //  WriteDGUS(0x5100,(uint8_t *)&(aa),sizeof(aa));
  62   2          //WriteDGUS(TOF_Address, (uint8_t *)&L,sizeof(L));
  63   2          //JumpPage(0x16);
  64   2          HandleProc(); //包含串口解析
  65   2          ReadCurrentPage_run();  //检测当前页面  
  66   2          
  67   2          Clock();    //时钟RTC 500ms
  68   2          
  69   2          
  70   2          
  71   2        
  72   2        }
  73   1      }


MODULE INFORMATION:   STATIC OVERLAYABLE
   CODE SIZE        =     17    ----
   CONSTANT SIZE    =   ----    ----
   XDATA SIZE       =   ----    ----
   PDATA SIZE       =   ----    ----
   DATA SIZE        =   ----    ----
   IDATA SIZE       =   ----    ----
   BIT SIZE         =   ----    ----
   EDATA SIZE       =   ----    ----
   HDATA SIZE       =   ----    ----
   XDATA CONST SIZE =   ----    ----
   FAR CONST SIZE   =   ----    ----
END OF MODULE INFORMATION.


C51 COMPILATION COMPLETE.  0 WARNING(S),  0 ERROR(S)
